// Jest Snapshot v1, https://goo.gl/fbAQLP

exports[`infuse command output help 1`] = `
"processChild.js infuse

infuse locale messages to single-file components

Options:
  --version      Show version number                                   [boolean]
  --help         Show help                                             [boolean]
  --target, -t   target path that single-file components is stored
                                                             [string] [required]
  --locales, -l  locale messages path to be infused          [string] [required]
  --match, -m    option should be accepted a regex filenames, must be specified
                 together --messages                                    [string]
  --dryRun, -d   run the infuse command, but do not apply them
                                                      [boolean] [default: false]"
`;

exports[`squeeze command output help 1`] = `
"processChild.js squeeze

squeeze locale messages from single-file components

Options:
  --version     Show version number                                    [boolean]
  --help        Show help                                              [boolean]
  --target, -t  target path that single-file components is stored
                                                             [string] [required]
  --split, -s   split squeezed locale messages with locale
                                                      [boolean] [default: false]
  --output, -o  path to output squeezed locale messages
                           [string] [default: \\"/path/to/project1/messages.json\\"]"
`;

exports[`top output help 1`] = `
"Usage: processChild.js <command> [options]

Commands:
  processChild.js squeeze  squeeze locale messages from single-file components
                                                                  [aliases: sqz]
  processChild.js infuse   infuse locale messages to single-file components
                                                                  [aliases: inf]

Options:
  --version  Show version number                                       [boolean]
  --help     Show help                                                 [boolean]"
`;
